Menu principal
1 - Reiniciar
2 - Abrir
3 - Guardar
4 - Consulta de serviços
5 - Gestão de passageiros
6 - Gestão de itinerários
0 - Sair
Escolha uma opção: Consulta de serviços
1 - Mostrar todos os serviços
2 - Mostrar serviço com um dado número
3 - Mostrar serviços com início em estação
4 - Mostrar serviços com término em estação
0 - Sair
Escolha uma opção: Nome da estação: Serviço #696 @ 12.20
16:06 Évora
19:17 Casa Branca
19:31 Vendas Novas
19:53 Pinhal Novo
20:14 Pragal
20:24 Lisboa - Sete Rios
20:28 Lisboa - Entrecampos
20:36 Lisboa - Oriente
Serviço #694 @ 12.20
16:57 Évora
17:08 Casa Branca
17:22 Vendas Novas
17:29 São João das Craveiras
17:33 Pegoes
17:38 Fernando Pó
17:43 Poceirão
17:51 Pinhal Novo
18:14 Pragal
18:24 Lisboa - Sete Rios
18:28 Lisboa - Entrecampos
18:36 Lisboa - Oriente
Consulta de serviços
1 - Mostrar todos os serviços
2 - Mostrar serviço com um dado número
3 - Mostrar serviços com início em estação
4 - Mostrar serviços com término em estação
0 - Sair
Escolha uma opção: Menu principal
1 - Reiniciar
2 - Abrir
3 - Guardar
4 - Consulta de serviços
5 - Gestão de passageiros
6 - Gestão de itinerários
0 - Sair
Escolha uma opção: 