Menu principal
1 - Reiniciar
2 - Abrir
3 - Guardar
4 - Consulta de serviços
5 - Gestão de passageiros
6 - Gestão de itinerários
0 - Sair
Escolha uma opção: Menu de gestão de itinerários
1 - Mostrar todos os itinerários
2 - Mostrar itinerários associados a um passageiro
3 - Registar itinerário para um passageiro
0 - Sair
Escolha uma opção: Identificador do passageiro: Nome da estação de partida: Nome da estação de destino: Data de partida (YYYY-MM-DD): Hora de partida (HH:MM): 
Itinerário 1 para 2017-12-21 @ 5.43
Serviço #590 @ 2.15
07:02 A1
07:10 A2
07:14 B3
Serviço #690 @ 3.27
07:31 B3
07:53 B4
Número do itinerário: Menu de gestão de itinerários
1 - Mostrar todos os itinerários
2 - Mostrar itinerários associados a um passageiro
3 - Registar itinerário para um passageiro
0 - Sair
Escolha uma opção: Menu principal
1 - Reiniciar
2 - Abrir
3 - Guardar
4 - Consulta de serviços
5 - Gestão de passageiros
6 - Gestão de itinerários
0 - Sair
Escolha uma opção: 