Menu principal
1 - Reiniciar
2 - Abrir
3 - Guardar
4 - Consulta de serviços
5 - Gestão de passageiros
6 - Gestão de itinerários
0 - Sair
Escolha uma opção: Menu de gestão de itinerários
1 - Mostrar todos os itinerários
2 - Mostrar itinerários associados a um passageiro
3 - Registar itinerário para um passageiro
0 - Sair
Escolha uma opção: Identificador do passageiro: Nome da estação de partida: Nome da estação de destino: Data de partida (YYYY-MM-DD): Hora de partida (HH:MM): 
Itinerário 1 para 2018-12-23 @ 9.51
Serviço #590 @ 9.51
07:02 A1
07:03 A2
07:04 B3
07:26 A4
07:48 A5

Itinerário 2 para 2018-12-23 @ 9.51
Serviço #510 @ 9.51
08:02 A1
08:03 A2
08:04 B3
08:26 A4
08:48 A5

Itinerário 3 para 2018-12-23 @ 9.51
Serviço #520 @ 9.51
09:02 A1
09:03 A2
09:04 B3
09:26 A4
09:48 A5

Itinerário 4 para 2018-12-23 @ 9.51
Serviço #550 @ 9.51
10:02 A1
10:03 A2
10:04 B3
10:26 A4
10:48 A5

Itinerário 5 para 2018-12-23 @ 9.51
Serviço #560 @ 9.51
11:02 A1
11:03 A2
11:04 B3
11:26 A4
11:48 A5

Itinerário 6 para 2018-12-23 @ 9.51
Serviço #500 @ 9.51
12:02 A1
12:03 A2
12:04 B3
12:26 A4
12:48 A5

Itinerário 7 para 2018-12-23 @ 9.51
Serviço #690 @ 9.51
13:02 A1
13:03 A2
13:04 B3
13:26 A4
13:48 A5

Itinerário 8 para 2018-12-23 @ 9.51
Serviço #790 @ 9.51
14:02 A1
14:03 A2
14:04 B3
14:26 A4
14:48 A5
Número do itinerário: Menu de gestão de itinerários
1 - Mostrar todos os itinerários
2 - Mostrar itinerários associados a um passageiro
3 - Registar itinerário para um passageiro
0 - Sair
Escolha uma opção: Identificador do passageiro: Nome da estação de partida: Nome da estação de destino: Data de partida (YYYY-MM-DD): Hora de partida (HH:MM): 
Itinerário 1 para 2017-12-31 @ 9.51
Serviço #560 @ 9.51
11:02 A1
11:03 A2
11:04 B3
11:26 A4
11:48 A5

Itinerário 2 para 2017-12-31 @ 9.51
Serviço #500 @ 9.51
12:02 A1
12:03 A2
12:04 B3
12:26 A4
12:48 A5

Itinerário 3 para 2017-12-31 @ 9.51
Serviço #690 @ 9.51
13:02 A1
13:03 A2
13:04 B3
13:26 A4
13:48 A5

Itinerário 4 para 2017-12-31 @ 9.51
Serviço #790 @ 9.51
14:02 A1
14:03 A2
14:04 B3
14:26 A4
14:48 A5
Número do itinerário: Menu de gestão de itinerários
1 - Mostrar todos os itinerários
2 - Mostrar itinerários associados a um passageiro
3 - Registar itinerário para um passageiro
0 - Sair
Escolha uma opção: Menu principal
1 - Reiniciar
2 - Abrir
3 - Guardar
4 - Consulta de serviços
5 - Gestão de passageiros
6 - Gestão de itinerários
0 - Sair
Escolha uma opção: 