Menu principal
1 - Reiniciar
2 - Abrir
3 - Guardar
4 - Consulta de serviços
5 - Gestão de passageiros
6 - Gestão de itinerários
0 - Sair
Escolha uma opção: Menu de gestão de itinerários
1 - Mostrar todos os itinerários
2 - Mostrar itinerários associados a um passageiro
3 - Registar itinerário para um passageiro
0 - Sair
Escolha uma opção: Identificador do passageiro: Nome da estação de partida: Nome da estação de destino: Data de partida (YYYY-MM-DD): Hora de partida (HH:MM): 
Itinerário 1 para 2017-12-31 @ 6.12
Serviço #490 @ 0.36
06:02 A1
06:03 A21
06:04 B4
Serviço #670 @ 5.76
07:53 B4
08:14 B51
08:24 B6
08:35 B7

Itinerário 2 para 2017-12-31 @ 7.45
Serviço #390 @ 1.69
06:05 A1
06:13 A211
06:14 B4
Serviço #670 @ 5.76
07:53 B4
08:14 B51
08:24 B6
08:35 B7

Itinerário 3 para 2017-12-31 @ 8.70
Serviço #990 @ 0.36
07:02 A1
07:03 A2
07:04 B3
Serviço #690 @ 8.34
07:31 B3
07:53 B41
08:14 B5
08:22 B6
08:25 B7

Itinerário 4 para 2017-12-31 @ 9.24
Serviço #590 @ 0.36
09:02 A1
09:03 A22
09:04 B5
Serviço #780 @ 8.88
09:31 B5
09:53 B41
10:14 B51
10:24 B6
10:38 B7
Número do itinerário: Menu de gestão de itinerários
1 - Mostrar todos os itinerários
2 - Mostrar itinerários associados a um passageiro
3 - Registar itinerário para um passageiro
0 - Sair
Escolha uma opção: Menu principal
1 - Reiniciar
2 - Abrir
3 - Guardar
4 - Consulta de serviços
5 - Gestão de passageiros
6 - Gestão de itinerários
0 - Sair
Escolha uma opção: 