Menu principal
1 - Reiniciar
2 - Abrir
3 - Guardar
4 - Consulta de serviços
5 - Gestão de passageiros
6 - Gestão de itinerários
0 - Sair
Escolha uma opção: Menu de gestão de passageiros
1 - Mostrar todos os passageiros
2 - Mostrar passageiro
3 - Registar passageiro
4 - Mudar nome de passageiro
0 - Sair
Escolha uma opção: 0|Obi-Wan|NORMAL|0|0.00|00:00
1|Yoda|NORMAL|0|0.00|00:00
Menu de gestão de passageiros
1 - Mostrar todos os passageiros
2 - Mostrar passageiro
3 - Registar passageiro
4 - Mudar nome de passageiro
0 - Sair
Escolha uma opção: Menu principal
1 - Reiniciar
2 - Abrir
3 - Guardar
4 - Consulta de serviços
5 - Gestão de passageiros
6 - Gestão de itinerários
0 - Sair
Escolha uma opção: Menu principal
1 - Reiniciar
2 - Abrir
3 - Guardar
4 - Consulta de serviços
5 - Gestão de passageiros
6 - Gestão de itinerários
0 - Sair
Escolha uma opção: Consulta de serviços
1 - Mostrar todos os serviços
2 - Mostrar serviço com um dado número
3 - Mostrar serviços com início em estação
4 - Mostrar serviços com término em estação
0 - Sair
Escolha uma opção: Serviço #180 @ 51.50
05:47 Porto - Campanhã
11:23 Faro
Serviço #420 @ 11.45
08:36 Valenca
09:09 Viana do Castelo
09:50 Nine
10:18 Porto - Campanhã
Serviço #694 @ 12.20
16:57 Évora
17:08 Casa Branca
18:36 Lisboa - Oriente
Serviço #5500 @ 11.35
15:48 Elvas
18:25 Entroncamento
Consulta de serviços
1 - Mostrar todos os serviços
2 - Mostrar serviço com um dado número
3 - Mostrar serviços com início em estação
4 - Mostrar serviços com término em estação
0 - Sair
Escolha uma opção: Menu principal
1 - Reiniciar
2 - Abrir
3 - Guardar
4 - Consulta de serviços
5 - Gestão de passageiros
6 - Gestão de itinerários
0 - Sair
Escolha uma opção: Menu de gestão de passageiros
1 - Mostrar todos os passageiros
2 - Mostrar passageiro
3 - Registar passageiro
4 - Mudar nome de passageiro
0 - Sair
Escolha uma opção: Menu de gestão de passageiros
1 - Mostrar todos os passageiros
2 - Mostrar passageiro
3 - Registar passageiro
4 - Mudar nome de passageiro
0 - Sair
Escolha uma opção: Nome do passageiro: Menu de gestão de passageiros
1 - Mostrar todos os passageiros
2 - Mostrar passageiro
3 - Registar passageiro
4 - Mudar nome de passageiro
0 - Sair
Escolha uma opção: 0|Aaaaaa|NORMAL|0|0.00|00:00
Menu de gestão de passageiros
1 - Mostrar todos os passageiros
2 - Mostrar passageiro
3 - Registar passageiro
4 - Mudar nome de passageiro
0 - Sair
Escolha uma opção: Identificador do passageiro: 0|Aaaaaa|NORMAL|0|0.00|00:00
Menu de gestão de passageiros
1 - Mostrar todos os passageiros
2 - Mostrar passageiro
3 - Registar passageiro
4 - Mudar nome de passageiro
0 - Sair
Escolha uma opção: Identificador do passageiro: Mostrar passageiro: Operação inválida: O passageiro com o identificador 1 não existe.
Menu de gestão de passageiros
1 - Mostrar todos os passageiros
2 - Mostrar passageiro
3 - Registar passageiro
4 - Mudar nome de passageiro
0 - Sair
Escolha uma opção: Menu principal
1 - Reiniciar
2 - Abrir
3 - Guardar
4 - Consulta de serviços
5 - Gestão de passageiros
6 - Gestão de itinerários
0 - Sair
Escolha uma opção: 