Menu principal
1 - Reiniciar
2 - Abrir
3 - Guardar
4 - Consulta de serviços
5 - Gestão de passageiros
6 - Gestão de itinerários
0 - Sair
Escolha uma opção: Menu de gestão de itinerários
1 - Mostrar todos os itinerários
2 - Mostrar itinerários associados a um passageiro
3 - Registar itinerário para um passageiro
0 - Sair
Escolha uma opção: Identificador do passageiro: Nome da estação de partida: Nome da estação de destino: Data de partida (YYYY-MM-DD): Hora de partida (HH:MM): 
Itinerário 1 para 2017-12-20 @ 1.90
Serviço #696 @ 1.90
19:17 Casa Branca
19:31 Vendas Novas
Número do itinerário: Menu de gestão de itinerários
1 - Mostrar todos os itinerários
2 - Mostrar itinerários associados a um passageiro
3 - Registar itinerário para um passageiro
0 - Sair
Escolha uma opção: Menu principal
1 - Reiniciar
2 - Abrir
3 - Guardar
4 - Consulta de serviços
5 - Gestão de passageiros
6 - Gestão de itinerários
0 - Sair
Escolha uma opção: Menu de gestão de passageiros
1 - Mostrar todos os passageiros
2 - Mostrar passageiro
3 - Registar passageiro
4 - Mudar nome de passageiro
0 - Sair
Escolha uma opção: Identificador do passageiro: 1|Marcelo Rebelo de Sousa|NORMAL|1|1.90|00:14
Menu de gestão de passageiros
1 - Mostrar todos os passageiros
2 - Mostrar passageiro
3 - Registar passageiro
4 - Mudar nome de passageiro
0 - Sair
Escolha uma opção: Menu principal
1 - Reiniciar
2 - Abrir
3 - Guardar
4 - Consulta de serviços
5 - Gestão de passageiros
6 - Gestão de itinerários
0 - Sair
Escolha uma opção: Número inválido!
Escolha uma opção: 