Menu principal
1 - Reiniciar
2 - Abrir
3 - Guardar
4 - Consulta de serviços
5 - Gestão de passageiros
6 - Gestão de itinerários
0 - Sair
Escolha uma opção: Menu de gestão de itinerários
1 - Mostrar todos os itinerários
2 - Mostrar itinerários associados a um passageiro
3 - Registar itinerário para um passageiro
0 - Sair
Escolha uma opção: Identificador do passageiro: Nome da estação de partida: Nome da estação de destino: Data de partida (YYYY-MM-DD): Hora de partida (HH:MM): 
Itinerário 1 para 2017-12-25 @ 200.50
Serviço #694 @ 200.50
16:57 Évora
17:08 Casa Branca
18:36 Lisboa - Oriente
Número do itinerário: Menu de gestão de itinerários
1 - Mostrar todos os itinerários
2 - Mostrar itinerários associados a um passageiro
3 - Registar itinerário para um passageiro
0 - Sair
Escolha uma opção: Menu principal
1 - Reiniciar
2 - Abrir
3 - Guardar
4 - Consulta de serviços
5 - Gestão de passageiros
6 - Gestão de itinerários
0 - Sair
Escolha uma opção: Menu de gestão de passageiros
1 - Mostrar todos os passageiros
2 - Mostrar passageiro
3 - Registar passageiro
4 - Mudar nome de passageiro
0 - Sair
Escolha uma opção: 0|Obi-Wan|NORMAL|0|0.00|00:00
1|Yoda|NORMAL|1|200.50|01:39
Menu de gestão de passageiros
1 - Mostrar todos os passageiros
2 - Mostrar passageiro
3 - Registar passageiro
4 - Mudar nome de passageiro
0 - Sair
Escolha uma opção: Menu principal
1 - Reiniciar
2 - Abrir
3 - Guardar
4 - Consulta de serviços
5 - Gestão de passageiros
6 - Gestão de itinerários
0 - Sair
Escolha uma opção: Menu de gestão de itinerários
1 - Mostrar todos os itinerários
2 - Mostrar itinerários associados a um passageiro
3 - Registar itinerário para um passageiro
0 - Sair
Escolha uma opção: Identificador do passageiro: Nome da estação de partida: Nome da estação de destino: Data de partida (YYYY-MM-DD): Hora de partida (HH:MM): 
Itinerário 1 para 2019-01-01 @ 2100.00
Serviço #179 @ 2100.00
05:47 Porto - Campanhã
08:10 Casa Branca
11:23 Faro
Número do itinerário: Menu de gestão de itinerários
1 - Mostrar todos os itinerários
2 - Mostrar itinerários associados a um passageiro
3 - Registar itinerário para um passageiro
0 - Sair
Escolha uma opção: Menu principal
1 - Reiniciar
2 - Abrir
3 - Guardar
4 - Consulta de serviços
5 - Gestão de passageiros
6 - Gestão de itinerários
0 - Sair
Escolha uma opção: Menu de gestão de passageiros
1 - Mostrar todos os passageiros
2 - Mostrar passageiro
3 - Registar passageiro
4 - Mudar nome de passageiro
0 - Sair
Escolha uma opção: 0|Obi-Wan|NORMAL|0|0.00|00:00
1|Yoda|FREQUENTE|2|2300.50|07:15
Menu de gestão de passageiros
1 - Mostrar todos os passageiros
2 - Mostrar passageiro
3 - Registar passageiro
4 - Mudar nome de passageiro
0 - Sair
Escolha uma opção: Menu principal
1 - Reiniciar
2 - Abrir
3 - Guardar
4 - Consulta de serviços
5 - Gestão de passageiros
6 - Gestão de itinerários
0 - Sair
Escolha uma opção: Menu de gestão de itinerários
1 - Mostrar todos os itinerários
2 - Mostrar itinerários associados a um passageiro
3 - Registar itinerário para um passageiro
0 - Sair
Escolha uma opção: Identificador do passageiro: Nome da estação de partida: Nome da estação de destino: Data de partida (YYYY-MM-DD): Hora de partida (HH:MM): 
Itinerário 1 para 2029-01-02 @ 200.50
Serviço #694 @ 200.50
16:57 Évora
17:08 Casa Branca
18:36 Lisboa - Oriente
Número do itinerário: Menu de gestão de itinerários
1 - Mostrar todos os itinerários
2 - Mostrar itinerários associados a um passageiro
3 - Registar itinerário para um passageiro
0 - Sair
Escolha uma opção: Menu principal
1 - Reiniciar
2 - Abrir
3 - Guardar
4 - Consulta de serviços
5 - Gestão de passageiros
6 - Gestão de itinerários
0 - Sair
Escolha uma opção: Menu de gestão de passageiros
1 - Mostrar todos os passageiros
2 - Mostrar passageiro
3 - Registar passageiro
4 - Mudar nome de passageiro
0 - Sair
Escolha uma opção: 0|Obi-Wan|NORMAL|0|0.00|00:00
1|Yoda|ESPECIAL|3|2470.93|08:54
Menu de gestão de passageiros
1 - Mostrar todos os passageiros
2 - Mostrar passageiro
3 - Registar passageiro
4 - Mudar nome de passageiro
0 - Sair
Escolha uma opção: Menu principal
1 - Reiniciar
2 - Abrir
3 - Guardar
4 - Consulta de serviços
5 - Gestão de passageiros
6 - Gestão de itinerários
0 - Sair
Escolha uma opção: Menu de gestão de passageiros
1 - Mostrar todos os passageiros
2 - Mostrar passageiro
3 - Registar passageiro
4 - Mudar nome de passageiro
0 - Sair
Escolha uma opção: 0|Obi-Wan|NORMAL|0|0.00|00:00
1|Yoda|ESPECIAL|3|2470.93|08:54
Menu de gestão de passageiros
1 - Mostrar todos os passageiros
2 - Mostrar passageiro
3 - Registar passageiro
4 - Mudar nome de passageiro
0 - Sair
Escolha uma opção: Menu principal
1 - Reiniciar
2 - Abrir
3 - Guardar
4 - Consulta de serviços
5 - Gestão de passageiros
6 - Gestão de itinerários
0 - Sair
Escolha uma opção: Menu de gestão de itinerários
1 - Mostrar todos os itinerários
2 - Mostrar itinerários associados a um passageiro
3 - Registar itinerário para um passageiro
0 - Sair
Escolha uma opção: Identificador do passageiro: Nome da estação de partida: Nome da estação de destino: Data de partida (YYYY-MM-DD): Hora de partida (HH:MM): 
Itinerário 1 para 2019-02-02 @ 200.50
Serviço #694 @ 200.50
16:57 Évora
17:08 Casa Branca
18:36 Lisboa - Oriente
Número do itinerário: Menu de gestão de itinerários
1 - Mostrar todos os itinerários
2 - Mostrar itinerários associados a um passageiro
3 - Registar itinerário para um passageiro
0 - Sair
Escolha uma opção: Menu principal
1 - Reiniciar
2 - Abrir
3 - Guardar
4 - Consulta de serviços
5 - Gestão de passageiros
6 - Gestão de itinerários
0 - Sair
Escolha uma opção: Menu de gestão de passageiros
1 - Mostrar todos os passageiros
2 - Mostrar passageiro
3 - Registar passageiro
4 - Mudar nome de passageiro
0 - Sair
Escolha uma opção: Identificador do passageiro: 1|Yoda|ESPECIAL|4|2571.18|10:33
Menu de gestão de passageiros
1 - Mostrar todos os passageiros
2 - Mostrar passageiro
3 - Registar passageiro
4 - Mudar nome de passageiro
0 - Sair
Escolha uma opção: Menu principal
1 - Reiniciar
2 - Abrir
3 - Guardar
4 - Consulta de serviços
5 - Gestão de passageiros
6 - Gestão de itinerários
0 - Sair
Escolha uma opção: 