Menu principal
1 - Reiniciar
2 - Abrir
3 - Guardar
4 - Consulta de serviços
5 - Gestão de passageiros
6 - Gestão de itinerários
0 - Sair
Escolha uma opção: Consulta de serviços
1 - Mostrar todos os serviços
2 - Mostrar serviço com um dado número
3 - Mostrar serviços com início em estação
4 - Mostrar serviços com término em estação
0 - Sair
Escolha uma opção: Nome da estação: Serviço #596 @ 12.20
17:02 Lisboa - Oriente
17:10 Lisboa - Entrecampos
17:14 Lisboa - Sete Rios
17:26 Pragal
17:48 Pinhal Novo
18:10 Vendas Novas
18:24 Casa Branca
18:35 IST - Taguspark
Consulta de serviços
1 - Mostrar todos os serviços
2 - Mostrar serviço com um dado número
3 - Mostrar serviços com início em estação
4 - Mostrar serviços com término em estação
0 - Sair
Escolha uma opção: Menu principal
1 - Reiniciar
2 - Abrir
3 - Guardar
4 - Consulta de serviços
5 - Gestão de passageiros
6 - Gestão de itinerários
0 - Sair
Escolha uma opção: 